ERROR: Input redirection is not supported, exiting the process immediately.
[server] listening on port 5000 (development)
prisma:query BEGIN
prisma:query DEALLOCATE ALL
prisma:query SELECT "public"."profiles"."id", "public"."profiles"."email", "public"."profiles"."full_name", "public"."profiles"."matric_number", "public"."profiles"."faculty", "public"."profiles"."department", "public"."profiles"."avatar_url", "public"."profiles"."role"::text, "public"."profiles"."is_active", "public"."profiles"."email_verified_domain", "public"."profiles"."created_at", "public"."profiles"."updated_at", "public"."profiles"."department_id" FROM "public"."profiles" WHERE ("public"."profiles"."id" = $1 AND 1=1) LIMIT $2 OFFSET $3
prisma:query COMMIT
prisma:query BEGIN
prisma:query DEALLOCATE ALL
prisma:query SELECT "public"."app_settings"."id" FROM "public"."app_settings" WHERE ("public"."app_settings"."id" = $1 AND 1=1) OFFSET $2
prisma:query SELECT "public"."app_settings"."id", "public"."app_settings"."portal_name", "public"."app_settings"."support_email", "public"."app_settings"."restrict_signup_domains", "public"."app_settings"."allowed_domains", "public"."app_settings"."allow_subdomains", "public"."app_settings"."blocked_domains", "public"."app_settings"."maintenance_mode", "public"."app_settings"."maintenance_message", "public"."app_settings"."allow_student_signups", "public"."app_settings"."signup_closed_message", "public"."app_settings"."require_matric_number", "public"."app_settings"."allow_anonymous_tickets", "public"."app_settings"."max_attachments_per_ticket", "public"."app_settings"."updated_by_id", "public"."app_settings"."updated_at" FROM "public"."app_settings" WHERE ("public"."app_settings"."id" = $1 AND ("public"."app_settings"."id" = $2 AND 1=1)) LIMIT $3 OFFSET $4
prisma:query SELECT "public"."app_settings"."id", "public"."app_settings"."portal_name", "public"."app_settings"."support_email", "public"."app_settings"."restrict_signup_domains", "public"."app_settings"."allowed_domains", "public"."app_settings"."allow_subdomains", "public"."app_settings"."blocked_domains", "public"."app_settings"."maintenance_mode", "public"."app_settings"."maintenance_message", "public"."app_settings"."allow_student_signups", "public"."app_settings"."signup_closed_message", "public"."app_settings"."require_matric_number", "public"."app_settings"."allow_anonymous_tickets", "public"."app_settings"."max_attachments_per_ticket", "public"."app_settings"."updated_by_id", "public"."app_settings"."updated_at" FROM "public"."app_settings" WHERE "public"."app_settings"."id" = $1 LIMIT $2 OFFSET $3
prisma:query COMMIT
prisma:query BEGIN
prisma:query DEALLOCATE ALL
prisma:query SELECT "public"."profiles"."id", "public"."profiles"."email", "public"."profiles"."full_name", "public"."profiles"."matric_number", "public"."profiles"."faculty", "public"."profiles"."department", "public"."profiles"."avatar_url", "public"."profiles"."role"::text, "public"."profiles"."is_active", "public"."profiles"."email_verified_domain", "public"."profiles"."created_at", "public"."profiles"."updated_at", "public"."profiles"."department_id" FROM "public"."profiles" WHERE ("public"."profiles"."id" = $1 AND 1=1) LIMIT $2 OFFSET $3
prisma:query COMMIT
prisma:query BEGIN
prisma:query DEALLOCATE ALL
prisma:query SELECT "public"."profiles"."id", "public"."profiles"."email", "public"."profiles"."full_name", "public"."profiles"."matric_number", "public"."profiles"."faculty", "public"."profiles"."department", "public"."profiles"."avatar_url", "public"."profiles"."role"::text, "public"."profiles"."is_active", "public"."profiles"."email_verified_domain", "public"."profiles"."created_at", "public"."profiles"."updated_at", "public"."profiles"."department_id" FROM "public"."profiles" WHERE ("public"."profiles"."id" = $1 AND 1=1) LIMIT $2 OFFSET $3
prisma:query COMMIT
prisma:query BEGIN
prisma:query DEALLOCATE ALL
prisma:query UPDATE "public"."profiles" SET "is_active" = $1, "updated_at" = $2 WHERE ("public"."profiles"."id" = $3 AND 1=1) RETURNING "public"."profiles"."id", "public"."profiles"."email", "public"."profiles"."full_name", "public"."profiles"."role"::text, "public"."profiles"."is_active"
prisma:query COMMIT
prisma:query BEGIN
prisma:query DEALLOCATE ALL
prisma:query INSERT INTO "public"."audit_logs" ("id","actor_id","action","entity_type","entity_id","ip_address","created_at") VALUES ($1,$2,$3,$4,$5,$6,$7) RETURNING "public"."audit_logs"."id", "public"."audit_logs"."actor_id", "public"."audit_logs"."action", "public"."audit_logs"."entity_type", "public"."audit_logs"."entity_id", "public"."audit_logs"."metadata", "public"."audit_logs"."ip_address", "public"."audit_logs"."created_at"
prisma:query COMMIT
prisma:query BEGIN
prisma:query DEALLOCATE ALL
prisma:query SELECT "public"."profiles"."id", "public"."profiles"."email", "public"."profiles"."full_name", "public"."profiles"."matric_number", "public"."profiles"."faculty", "public"."profiles"."department", "public"."profiles"."avatar_url", "public"."profiles"."role"::text, "public"."profiles"."is_active", "public"."profiles"."email_verified_domain", "public"."profiles"."created_at", "public"."profiles"."updated_at", "public"."profiles"."department_id" FROM "public"."profiles" WHERE ("public"."profiles"."id" = $1 AND 1=1) LIMIT $2 OFFSET $3
prisma:query COMMIT
prisma:query BEGIN
prisma:query DEALLOCATE ALL
prisma:query SELECT "public"."profiles"."id", "public"."profiles"."email", "public"."profiles"."full_name", "public"."profiles"."matric_number", "public"."profiles"."faculty", "public"."profiles"."department", "public"."profiles"."avatar_url", "public"."profiles"."role"::text, "public"."profiles"."is_active", "public"."profiles"."email_verified_domain", "public"."profiles"."created_at", "public"."profiles"."updated_at", "public"."profiles"."department_id" FROM "public"."profiles" WHERE ("public"."profiles"."id" = $1 AND 1=1) LIMIT $2 OFFSET $3
prisma:query COMMIT
prisma:query BEGIN
prisma:query DEALLOCATE ALL
prisma:query UPDATE "public"."profiles" SET "is_active" = $1, "updated_at" = $2 WHERE ("public"."profiles"."id" = $3 AND 1=1) RETURNING "public"."profiles"."id", "public"."profiles"."email", "public"."profiles"."full_name", "public"."profiles"."role"::text, "public"."profiles"."is_active"
prisma:query COMMIT
prisma:query BEGIN
prisma:query DEALLOCATE ALL
prisma:query INSERT INTO "public"."audit_logs" ("id","actor_id","action","entity_type","entity_id","ip_address","created_at") VALUES ($1,$2,$3,$4,$5,$6,$7) RETURNING "public"."audit_logs"."id", "public"."audit_logs"."actor_id", "public"."audit_logs"."action", "public"."audit_logs"."entity_type", "public"."audit_logs"."entity_id", "public"."audit_logs"."metadata", "public"."audit_logs"."ip_address", "public"."audit_logs"."created_at"
prisma:query COMMIT
prisma:query BEGIN
prisma:query DEALLOCATE ALL
prisma:query SELECT "public"."profiles"."id", "public"."profiles"."email", "public"."profiles"."full_name", "public"."profiles"."matric_number", "public"."profiles"."faculty", "public"."profiles"."department", "public"."profiles"."avatar_url", "public"."profiles"."role"::text, "public"."profiles"."is_active", "public"."profiles"."email_verified_domain", "public"."profiles"."created_at", "public"."profiles"."updated_at", "public"."profiles"."department_id" FROM "public"."profiles" WHERE ("public"."profiles"."id" = $1 AND 1=1) LIMIT $2 OFFSET $3
prisma:query COMMIT
VERIFY_DONE
